Reading netlist file: "/Users/felipe/src/fpga/new-juice/impl/gwsynthesis/new-juice.vg"
Parsing netlist file "/Users/felipe/src/fpga/new-juice/impl/gwsynthesis/new-juice.vg" completed
Processing netlist completed
Reading constraint file: "/Users/felipe/src/fpga/new-juice/src/top.cst"
Physical Constraint parsed completed
Running placement......
[10%] Placement Phase 0 completed
[20%] Placement Phase 1 completed
[30%] Placement Phase 2 completed
[50%] Placement Phase 3 completed
Running routing......
[60%] Routing Phase 0 completed
[70%] Routing Phase 1 completed
[80%] Routing Phase 2 completed
WARN  (PR1014) : Generic routing resource will be used to clock signal 'cpu_clkin_d' by the specified constraint. And then it may lead to the excessive delay or skew
WARN  (PR1014) : Generic routing resource will be used to clock signal 'clkin_d' by the specified constraint. And then it may lead to the excessive delay or skew
[90%] Routing Phase 3 completed
Running timing analysis......
[95%] Timing analysis completed
Placement and routing completed
Bitstream generation in progress......
Bitstream generation completed
Running power analysis......
[100%] Power analysis completed
Generate file "/Users/felipe/src/fpga/new-juice/impl/pnr/new-juice.power.html" completed
Generate file "/Users/felipe/src/fpga/new-juice/impl/pnr/new-juice.pin.html" completed
Generate file "/Users/felipe/src/fpga/new-juice/impl/pnr/new-juice.rpt.html" completed
Generate file "/Users/felipe/src/fpga/new-juice/impl/pnr/new-juice.rpt.txt" completed
Generate file "/Users/felipe/src/fpga/new-juice/impl/pnr/new-juice.tr.html" completed
Fri Aug  7 23:29:15 2026

