GowinSynthesis start
Running parser ...
Analyzing Verilog file '/Users/felipe/src/fpga/new-juice/src/cd_demux.v'
Analyzing Verilog file '/Users/felipe/src/fpga/new-juice/src/clockdiv.v'
Analyzing Verilog file '/Users/felipe/src/fpga/new-juice/src/cpu_step_debugger.v'
Analyzing Verilog file '/Users/felipe/src/fpga/new-juice/src/pwm_audio.v'
Analyzing Verilog file '/Users/felipe/src/fpga/new-juice/src/crc16.v'
Analyzing Verilog file '/Users/felipe/src/fpga/new-juice/src/dpram.v'
Analyzing Verilog file '/Users/felipe/src/fpga/new-juice/src/flash_roms.v'
Analyzing Verilog file '/Users/felipe/src/fpga/new-juice/src/input_debouncer.v'
Analyzing Verilog file '/Users/felipe/src/fpga/new-juice/src/IKASCC/IKASCC_modules/IKASCC_primitives.v'
Analyzing Verilog file '/Users/felipe/src/fpga/new-juice/src/IKASCC/IKASCC_modules/IKASCC_vrc_s.v'
Analyzing Verilog file '/Users/felipe/src/fpga/new-juice/src/IKASCC/IKASCC_modules/IKASCC_vrc_a.v'
Analyzing Verilog file '/Users/felipe/src/fpga/new-juice/src/IKASCC/IKASCC_modules/IKASCC_player_s.v'
Analyzing Verilog file '/Users/felipe/src/fpga/new-juice/src/IKASCC/IKASCC_modules/IKASCC_player_a.v'
Analyzing Verilog file '/Users/felipe/src/fpga/new-juice/src/IKASCC/IKASCC.v'
Analyzing Verilog file '/Users/felipe/src/fpga/new-juice/src/mp_debouncer.v'
Analyzing Verilog file '/Users/felipe/src/fpga/new-juice/src/jt49/hdl/jt49.v'
Analyzing Verilog file '/Users/felipe/src/fpga/new-juice/src/jt49/hdl/jt49_bus.v'
Analyzing Verilog file '/Users/felipe/src/fpga/new-juice/src/jt49/hdl/jt49_div.v'
Analyzing Verilog file '/Users/felipe/src/fpga/new-juice/src/jt49/hdl/jt49_cen.v'
Analyzing Verilog file '/Users/felipe/src/fpga/new-juice/src/jt49/hdl/jt49_eg.v'
Analyzing Verilog file '/Users/felipe/src/fpga/new-juice/src/jt49/hdl/jt49_exp.v'
Analyzing Verilog file '/Users/felipe/src/fpga/new-juice/src/jt49/hdl/jt49_noise.v'
Analyzing Verilog file '/Users/felipe/src/fpga/new-juice/src/jt51/hdl/jt51_acc.v'
Analyzing Verilog file '/Users/felipe/src/fpga/new-juice/src/jt51/hdl/jt51_eg.v'
Analyzing Verilog file '/Users/felipe/src/fpga/new-juice/src/jt51/hdl/jt51_exp2lin.v'
Analyzing Verilog file '/Users/felipe/src/fpga/new-juice/src/jt51/hdl/jt51_exprom.v'
Analyzing Verilog file '/Users/felipe/src/fpga/new-juice/src/jt51/hdl/jt51_kon.v'
Analyzing Verilog file '/Users/felipe/src/fpga/new-juice/src/jt51/hdl/jt51_lfo.v'
Analyzing Verilog file '/Users/felipe/src/fpga/new-juice/src/jt51/hdl/jt51_lin2exp.v'
Analyzing Verilog file '/Users/felipe/src/fpga/new-juice/src/jt51/hdl/jt51_mmr.v'
Analyzing Verilog file '/Users/felipe/src/fpga/new-juice/src/jt51/hdl/jt51_mod.v'
Analyzing Verilog file '/Users/felipe/src/fpga/new-juice/src/jt51/hdl/jt51_noise_lfsr.v'
Analyzing Verilog file '/Users/felipe/src/fpga/new-juice/src/jt51/hdl/jt51_noise.v'
Analyzing Verilog file '/Users/felipe/src/fpga/new-juice/src/jt51/hdl/jt51_op.v'
Analyzing Verilog file '/Users/felipe/src/fpga/new-juice/src/jt51/hdl/jt51_pg.v'
Analyzing Verilog file '/Users/felipe/src/fpga/new-juice/src/jt51/hdl/jt51_phinc_rom.v'
Analyzing Verilog file '/Users/felipe/src/fpga/new-juice/src/jt51/hdl/jt51_phrom.v'
Analyzing Verilog file '/Users/felipe/src/fpga/new-juice/src/jt51/hdl/jt51_pm.v'
Analyzing Verilog file '/Users/felipe/src/fpga/new-juice/src/jt51/hdl/jt51_reg.v'
Analyzing Verilog file '/Users/felipe/src/fpga/new-juice/src/jt51/hdl/jt51_sh.v'
Analyzing Verilog file '/Users/felipe/src/fpga/new-juice/src/jt51/hdl/jt51_timers.v'
Analyzing Verilog file '/Users/felipe/src/fpga/new-juice/src/jt51/hdl/jt51_reg_ch.v'
Analyzing Verilog file '/Users/felipe/src/fpga/new-juice/src/jt51/hdl/jt51_csr_op.v'
Analyzing Verilog file '/Users/felipe/src/fpga/new-juice/src/jt51/hdl/jt51.v'
Analyzing Verilog file '/Users/felipe/src/fpga/new-juice/src/jtopl/hdl/jtopl_acc.v'
Analyzing Verilog file '/Users/felipe/src/fpga/new-juice/src/jtopl/hdl/jtopl_csr.v'
Analyzing Verilog file '/Users/felipe/src/fpga/new-juice/src/jtopl/hdl/jtopl_div.v'
Analyzing Verilog file '/Users/felipe/src/fpga/new-juice/src/jtopl/hdl/jtopl_eg.v'
Analyzing Verilog file '/Users/felipe/src/fpga/new-juice/src/jtopl/hdl/jtopl_eg_cnt.v'
Analyzing Verilog file '/Users/felipe/src/fpga/new-juice/src/jtopl/hdl/jtopl_eg_comb.v'
Analyzing Verilog file '/Users/felipe/src/fpga/new-juice/src/jtopl/hdl/jtopl_eg_ctrl.v'
Analyzing Verilog file '/Users/felipe/src/fpga/new-juice/src/jtopl/hdl/jtopl_eg_final.v'
Analyzing Verilog file '/Users/felipe/src/fpga/new-juice/src/jtopl/hdl/jtopl_eg_pure.v'
Analyzing Verilog file '/Users/felipe/src/fpga/new-juice/src/jtopl/hdl/jtopl_eg_step.v'
Analyzing Verilog file '/Users/felipe/src/fpga/new-juice/src/jtopl/hdl/jtopl_exprom.v'
Analyzing Verilog file '/Users/felipe/src/fpga/new-juice/src/jtopl/hdl/jtopl_lfo.v'
Analyzing Verilog file '/Users/felipe/src/fpga/new-juice/src/jtopl/hdl/jtopl_logsin.v'
Analyzing Verilog file '/Users/felipe/src/fpga/new-juice/src/jtopl/hdl/jtopl_noise.v'
Analyzing Verilog file '/Users/felipe/src/fpga/new-juice/src/jtopl/hdl/jtopl_op.v'
Analyzing Verilog file '/Users/felipe/src/fpga/new-juice/src/jtopl/hdl/jtopl_pg.v'
Analyzing Verilog file '/Users/felipe/src/fpga/new-juice/src/jtopl/hdl/jtopl_pg_comb.v'
Analyzing Verilog file '/Users/felipe/src/fpga/new-juice/src/jtopl/hdl/jtopl_pg_inc.v'
Analyzing Verilog file '/Users/felipe/src/fpga/new-juice/src/jtopl/hdl/jtopl_pg_rhy.v'
Analyzing Verilog file '/Users/felipe/src/fpga/new-juice/src/jtopl/hdl/jtopl_pg_sum.v'
Analyzing Verilog file '/Users/felipe/src/fpga/new-juice/src/jtopl/hdl/jtopl_pm.v'
Analyzing Verilog file '/Users/felipe/src/fpga/new-juice/src/jtopl/hdl/jtopl_reg_ch.v'
Analyzing Verilog file '/Users/felipe/src/fpga/new-juice/src/jtopl/hdl/jtopl_sh.v'
Analyzing Verilog file '/Users/felipe/src/fpga/new-juice/src/jtopl/hdl/jtopl_sh_rst.v'
Analyzing Verilog file '/Users/felipe/src/fpga/new-juice/src/jtopl/hdl/jtopl_single_acc.v'
Analyzing Verilog file '/Users/felipe/src/fpga/new-juice/src/jtopl/hdl/jtopl_slot_cnt.v'
Analyzing Verilog file '/Users/felipe/src/fpga/new-juice/src/jtopl/hdl/jtopl_timers.v'
Analyzing Verilog file '/Users/felipe/src/fpga/new-juice/src/jtopl/hdl/jtopll_mmr.v'
Analyzing Verilog file '/Users/felipe/src/fpga/new-juice/src/jtopl/hdl/jtopll_reg.v'
Analyzing Verilog file '/Users/felipe/src/fpga/new-juice/src/jtopl/hdl/jtopll_reg_ch.v'
Analyzing Verilog file '/Users/felipe/src/fpga/new-juice/src/jtopl/hdl/jt2413.v'
Analyzing Verilog file '/Users/felipe/src/fpga/new-juice/src/rpll/rpll_main.v'
Analyzing Verilog file '/Users/felipe/src/fpga/new-juice/src/rpll/rpll_video.v'
Analyzing Verilog file '/Users/felipe/src/fpga/new-juice/src/SMS/jt89/jt89_mixer.v'
Analyzing Verilog file '/Users/felipe/src/fpga/new-juice/src/SMS/jt89/jt89_noise.v'
Analyzing Verilog file '/Users/felipe/src/fpga/new-juice/src/SMS/jt89/jt89_tone.v'
Analyzing Verilog file '/Users/felipe/src/fpga/new-juice/src/SMS/jt89/jt89_vol.v'
Analyzing Verilog file '/Users/felipe/src/fpga/new-juice/src/SMS/jt89/jt89.v'
Analyzing Verilog file '/Users/felipe/src/fpga/new-juice/src/hdmi/audio_clock_regeneration_packet.sv'
Analyzing Verilog file '/Users/felipe/src/fpga/new-juice/src/hdmi/audio_info_frame.sv'
Analyzing Verilog file '/Users/felipe/src/fpga/new-juice/src/hdmi/audio_sample_packet.sv'
Analyzing Verilog file '/Users/felipe/src/fpga/new-juice/src/hdmi/auxiliary_video_information_info_frame.sv'
Analyzing Verilog file '/Users/felipe/src/fpga/new-juice/src/hdmi/source_product_description_info_frame.sv'
Analyzing Verilog file '/Users/felipe/src/fpga/new-juice/src/hdmi/packet_assembler.sv'
Analyzing Verilog file '/Users/felipe/src/fpga/new-juice/src/hdmi/packet_picker.sv'
Analyzing Verilog file '/Users/felipe/src/fpga/new-juice/src/hdmi/tmds_channel.sv'
Analyzing Verilog file '/Users/felipe/src/fpga/new-juice/src/hdmi/hdmi.sv'
Analyzing Verilog file '/Users/felipe/src/fpga/new-juice/src/hdmi/serializer.sv'
Analyzing Verilog file '/Users/felipe/src/fpga/new-juice/src/sd_reader.sv'
Analyzing Verilog file '/Users/felipe/src/fpga/new-juice/src/sd_registers.v'
Analyzing Verilog file '/Users/felipe/src/fpga/new-juice/src/sdcmd_ctrl.sv'
Analyzing Verilog file '/Users/felipe/src/fpga/new-juice/src/sdram.v'
Analyzing Verilog file '/Users/felipe/src/fpga/new-juice/src/sdram_command_adapter.v'
Analyzing Verilog file '/Users/felipe/src/fpga/new-juice/src/sdram_mapper.v'
Analyzing Verilog file '/Users/felipe/src/fpga/new-juice/src/linear_rom.v'
Analyzing Verilog file '/Users/felipe/src/fpga/new-juice/src/debug_trace_terminal.v'
Analyzing Verilog file '/Users/felipe/src/fpga/new-juice/src/sdram_startup_test.v'
Analyzing Verilog file '/Users/felipe/src/fpga/new-juice/src/slot_expander.v'
Analyzing Verilog file '/Users/felipe/src/fpga/new-juice/src/sound_scope.v'
Analyzing Verilog file '/Users/felipe/src/fpga/new-juice/src/spi_flash_reader.v'
Analyzing Verilog file '/Users/felipe/src/fpga/new-juice/src/super_megaram.v'
Analyzing Verilog file '/Users/felipe/src/fpga/new-juice/src/top.v'
Analyzing VHDL file '/Users/felipe/src/fpga/new-juice/src/SMS/vdp_background.vhd'
Analyzing entity 'vdp_background'("/Users/felipe/src/fpga/new-juice/src/SMS/vdp_background.vhd":6)
Analyzing architecture 'rtl'("/Users/felipe/src/fpga/new-juice/src/SMS/vdp_background.vhd":30)
Analyzing VHDL file '/Users/felipe/src/fpga/new-juice/src/SMS/vdp_sprite_shifter.vhd'
Analyzing entity 'vpd_sprite_shifter'("/Users/felipe/src/fpga/new-juice/src/SMS/vdp_sprite_shifter.vhd":6)
Analyzing architecture 'behavioral'("/Users/felipe/src/fpga/new-juice/src/SMS/vdp_sprite_shifter.vhd":26)
Analyzing VHDL file '/Users/felipe/src/fpga/new-juice/src/SMS/vdp_sprites.vhd'
Analyzing entity 'vdp_sprites'("/Users/felipe/src/fpga/new-juice/src/SMS/vdp_sprites.vhd":6)
Analyzing architecture 'behavioral'("/Users/felipe/src/fpga/new-juice/src/SMS/vdp_sprites.vhd":33)
WARN  (EX4557) : Actual for formal port 'load' is neither a static name nor a globally static expression("/Users/felipe/src/fpga/new-juice/src/SMS/vdp_sprites.vhd":79)
WARN  (EX4557) : Actual for formal port 'x248' is neither a static name nor a globally static expression("/Users/felipe/src/fpga/new-juice/src/SMS/vdp_sprites.vhd":80)
WARN  (EX4557) : Actual for formal port 'x224' is neither a static name nor a globally static expression("/Users/felipe/src/fpga/new-juice/src/SMS/vdp_sprites.vhd":81)
WARN  (EX4557) : Actual for formal port 'm4' is neither a static name nor a globally static expression("/Users/felipe/src/fpga/new-juice/src/SMS/vdp_sprites.vhd":82)
WARN  (EX4557) : Actual for formal port 'wide_n' is neither a static name nor a globally static expression("/Users/felipe/src/fpga/new-juice/src/SMS/vdp_sprites.vhd":83)
Analyzing VHDL file '/Users/felipe/src/fpga/new-juice/src/SMS/vdp_main.vhd'
Analyzing entity 'vdp_main'("/Users/felipe/src/fpga/new-juice/src/SMS/vdp_main.vhd":6)
Analyzing architecture 'behavioral'("/Users/felipe/src/fpga/new-juice/src/SMS/vdp_main.vhd":51)
Analyzing VHDL file '/Users/felipe/src/fpga/new-juice/src/SMS/vdp_cram.vhd'
Analyzing entity 'vdp_cram'("/Users/felipe/src/fpga/new-juice/src/SMS/vdp_cram.vhd":5)
Analyzing architecture 'behavioral'("/Users/felipe/src/fpga/new-juice/src/SMS/vdp_cram.vhd":16)
Analyzing VHDL file '/Users/felipe/src/fpga/new-juice/src/SMS/vdp.vhd'
Analyzing entity 'vdp'("/Users/felipe/src/fpga/new-juice/src/SMS/vdp.vhd":6)
Analyzing architecture 'behavioral'("/Users/felipe/src/fpga/new-juice/src/SMS/vdp.vhd":35)
Analyzing VHDL file '/Users/felipe/src/fpga/new-juice/src/SMS/video.vhd'
Analyzing entity 'video'("/Users/felipe/src/fpga/new-juice/src/SMS/video.vhd":6)
Analyzing architecture 'behavioral'("/Users/felipe/src/fpga/new-juice/src/SMS/video.vhd":25)
WARN  (EX3073) : Port 'clkoutd' remains unconnected for this instance("/Users/felipe/src/fpga/new-juice/src/top.v":321)
Compiling module 'top'("/Users/felipe/src/fpga/new-juice/src/top.v":1)
Compiling module 'clockdiv(OUT_HZ=44100)'("/Users/felipe/src/fpga/new-juice/src/clockdiv.v":33)
Compiling module 'rpll_main'("/Users/felipe/src/fpga/new-juice/src/rpll/rpll_main.v":10)
Compiling module 'rpll_video'("/Users/felipe/src/fpga/new-juice/src/rpll/rpll_video.v":10)
Compiling module 'clockdiv2'("/Users/felipe/src/fpga/new-juice/src/clockdiv.v":1)
Compiling module 'pwm_audio'("/Users/felipe/src/fpga/new-juice/src/pwm_audio.v":1)
Compiling module 'jt49_bus(MUTE_NULL_PERIOD=1'b0)'("/Users/felipe/src/fpga/new-juice/src/jt49/hdl/jt49_bus.v":26)
Compiling module 'jt49(MUTE_NULL_PERIOD=1'b0)'("/Users/felipe/src/fpga/new-juice/src/jt49/hdl/jt49.v":24)
Compiling module 'jt49_cen'("/Users/felipe/src/fpga/new-juice/src/jt49/hdl/jt49_cen.v":24)
Compiling module 'jt49_div(MUTE_NULL_PERIOD=1'b0)'("/Users/felipe/src/fpga/new-juice/src/jt49/hdl/jt49_div.v":25)
Compiling module 'jt49_noise(MUTE_NULL_PERIOD=1'b0)'("/Users/felipe/src/fpga/new-juice/src/jt49/hdl/jt49_noise.v":25)
Compiling module 'jt49_div(W=5,MUTE_NULL_PERIOD=1'b0)'("/Users/felipe/src/fpga/new-juice/src/jt49/hdl/jt49_div.v":25)
Compiling module 'jt49_div(W=16)'("/Users/felipe/src/fpga/new-juice/src/jt49/hdl/jt49_div.v":25)
Compiling module 'jt49_eg'("/Users/felipe/src/fpga/new-juice/src/jt49/hdl/jt49_eg.v":24)
Compiling module 'jt49_exp'("/Users/felipe/src/fpga/new-juice/src/jt49/hdl/jt49_exp.v":30)
Extracting RAM for identifier 'lut'("/Users/felipe/src/fpga/new-juice/src/jt49/hdl/jt49_exp.v":37)
Compiling module 'jt2413'("/Users/felipe/src/fpga/new-juice/src/jtopl/hdl/jt2413.v":22)
Compiling module 'jtopll_mmr(OPL_TYPE=11)'("/Users/felipe/src/fpga/new-juice/src/jtopl/hdl/jtopll_mmr.v":21)
Compiling module 'jtopl_div(OPL_TYPE=11)'("/Users/felipe/src/fpga/new-juice/src/jtopl/hdl/jtopl_div.v":22)
Compiling module 'jtopll_reg'("/Users/felipe/src/fpga/new-juice/src/jtopl/hdl/jtopll_reg.v":22)
Compiling module 'jtopl_slot_cnt'("/Users/felipe/src/fpga/new-juice/src/jtopl/hdl/jtopl_slot_cnt.v":22)
Compiling module 'jtopl_sh_rst(width=9,stages=3)'("/Users/felipe/src/fpga/new-juice/src/jtopl/hdl/jtopl_sh_rst.v":22)
WARN  (EX2428) : Cannot index into scalar type parameter/localparam 'rstval'("/Users/felipe/src/fpga/new-juice/src/jtopl/hdl/jtopl_sh_rst.v":32)
Compiling module 'jtopll_reg_ch'("/Users/felipe/src/fpga/new-juice/src/jtopl/hdl/jtopll_reg_ch.v":22)
Compiling module 'jtopl_lfo'("/Users/felipe/src/fpga/new-juice/src/jtopl/hdl/jtopl_lfo.v":27)
Compiling module 'jtopl_pg'("/Users/felipe/src/fpga/new-juice/src/jtopl/hdl/jtopl_pg.v":22)
Compiling module 'jtopl_noise'("/Users/felipe/src/fpga/new-juice/src/jtopl/hdl/jtopl_noise.v":27)
Compiling module 'jtopl_pg_comb'("/Users/felipe/src/fpga/new-juice/src/jtopl/hdl/jtopl_pg_comb.v":22)
Compiling module 'jtopl_pm'("/Users/felipe/src/fpga/new-juice/src/jtopl/hdl/jtopl_pm.v":23)
Compiling module 'jtopl_pg_inc'("/Users/felipe/src/fpga/new-juice/src/jtopl/hdl/jtopl_pg_inc.v":22)
Compiling module 'jtopl_pg_sum'("/Users/felipe/src/fpga/new-juice/src/jtopl/hdl/jtopl_pg_sum.v":26)
Extracting RAM for identifier 'factor'("/Users/felipe/src/fpga/new-juice/src/jtopl/hdl/jtopl_pg_sum.v":37)
Compiling module 'jtopl_pg_rhy'("/Users/felipe/src/fpga/new-juice/src/jtopl/hdl/jtopl_pg_rhy.v":22)
Compiling module 'jtopl_sh_rst(width=19)'("/Users/felipe/src/fpga/new-juice/src/jtopl/hdl/jtopl_sh_rst.v":22)
WARN  (EX2428) : Cannot index into scalar type parameter/localparam 'rstval'("/Users/felipe/src/fpga/new-juice/src/jtopl/hdl/jtopl_sh_rst.v":32)
Compiling module 'jtopl_sh_rst(width=10,stages=2)'("/Users/felipe/src/fpga/new-juice/src/jtopl/hdl/jtopl_sh_rst.v":22)
WARN  (EX2428) : Cannot index into scalar type parameter/localparam 'rstval'("/Users/felipe/src/fpga/new-juice/src/jtopl/hdl/jtopl_sh_rst.v":32)
Compiling module 'jtopl_eg'("/Users/felipe/src/fpga/new-juice/src/jtopl/hdl/jtopl_eg.v":22)
Compiling module 'jtopl_eg_cnt'("/Users/felipe/src/fpga/new-juice/src/jtopl/hdl/jtopl_eg_cnt.v":22)
Compiling module 'jtopl_eg_comb'("/Users/felipe/src/fpga/new-juice/src/jtopl/hdl/jtopl_eg_comb.v":22)
Compiling module 'jtopl_eg_ctrl'("/Users/felipe/src/fpga/new-juice/src/jtopl/hdl/jtopl_eg_ctrl.v":22)
Compiling module 'jtopl_eg_step'("/Users/felipe/src/fpga/new-juice/src/jtopl/hdl/jtopl_eg_step.v":22)
Compiling module 'jtopl_eg_pure'("/Users/felipe/src/fpga/new-juice/src/jtopl/hdl/jtopl_eg_pure.v":22)
Compiling module 'jtopl_eg_final'("/Users/felipe/src/fpga/new-juice/src/jtopl/hdl/jtopl_eg_final.v":22)
Extracting RAM for identifier 'ksl_lut'("/Users/felipe/src/fpga/new-juice/src/jtopl/hdl/jtopl_eg_final.v":38)
Compiling module 'jtopl_sh(width=1,stages=18)'("/Users/felipe/src/fpga/new-juice/src/jtopl/hdl/jtopl_sh.v":22)
Compiling module 'jtopl_sh(width=4,stages=3)'("/Users/felipe/src/fpga/new-juice/src/jtopl/hdl/jtopl_sh.v":22)
Compiling module 'jtopl_sh(width=3,stages=3)'("/Users/felipe/src/fpga/new-juice/src/jtopl/hdl/jtopl_sh.v":22)
Compiling module 'jtopl_sh_rst(width=10,stages=15,rstval=1'b1)'("/Users/felipe/src/fpga/new-juice/src/jtopl/hdl/jtopl_sh_rst.v":22)
WARN  (EX2428) : Cannot index into scalar type parameter/localparam 'rstval'("/Users/felipe/src/fpga/new-juice/src/jtopl/hdl/jtopl_sh_rst.v":32)
Compiling module 'jtopl_sh_rst(width=3,rstval=1'b1)'("/Users/felipe/src/fpga/new-juice/src/jtopl/hdl/jtopl_sh_rst.v":22)
WARN  (EX2428) : Cannot index into scalar type parameter/localparam 'rstval'("/Users/felipe/src/fpga/new-juice/src/jtopl/hdl/jtopl_sh_rst.v":32)
Compiling module 'jtopl_sh_rst(width=1)'("/Users/felipe/src/fpga/new-juice/src/jtopl/hdl/jtopl_sh_rst.v":22)
WARN  (EX2428) : Cannot index into scalar type parameter/localparam 'rstval'("/Users/felipe/src/fpga/new-juice/src/jtopl/hdl/jtopl_sh_rst.v":32)
Compiling module 'jtopl_op(OPL_TYPE=11)'("/Users/felipe/src/fpga/new-juice/src/jtopl/hdl/jtopl_op.v":26)
Compiling module 'jtopl_sh(width=9,stages=3)'("/Users/felipe/src/fpga/new-juice/src/jtopl/hdl/jtopl_sh.v":22)
Compiling module 'jtopl_sh(width=2,stages=3)'("/Users/felipe/src/fpga/new-juice/src/jtopl/hdl/jtopl_sh.v":22)
Compiling module 'jtopl_sh(width=26,stages=3)'("/Users/felipe/src/fpga/new-juice/src/jtopl/hdl/jtopl_sh.v":22)
Compiling module 'jtopl_logsin'("/Users/felipe/src/fpga/new-juice/src/jtopl/hdl/jtopl_logsin.v":26)
Extracting RAM for identifier 'sinelut'("/Users/felipe/src/fpga/new-juice/src/jtopl/hdl/jtopl_logsin.v":33)
Compiling module 'jtopl_exprom'("/Users/felipe/src/fpga/new-juice/src/jtopl/hdl/jtopl_exprom.v":33)
Extracting RAM for identifier 'explut_jt51'("/Users/felipe/src/fpga/new-juice/src/jtopl/hdl/jtopl_exprom.v":41)
Compiling module 'jtopl_acc'("/Users/felipe/src/fpga/new-juice/src/jtopl/hdl/jtopl_acc.v":23)
Compiling module 'jtopl_single_acc(INW=14,OUTW=16)'("/Users/felipe/src/fpga/new-juice/src/jtopl/hdl/jtopl_single_acc.v":26)
Compiling module 'jt51'("/Users/felipe/src/fpga/new-juice/src/jt51/hdl/jt51.v":24)
Compiling module 'jt51_timers'("/Users/felipe/src/fpga/new-juice/src/jt51/hdl/jt51_timers.v":21)
Compiling module 'jt51_timer(CW=10)'("/Users/felipe/src/fpga/new-juice/src/jt51/hdl/jt51_timers.v":68)
Compiling module 'jt51_timer(FREE_EN=1)'("/Users/felipe/src/fpga/new-juice/src/jt51/hdl/jt51_timers.v":68)
Compiling module 'jt51_lfo'("/Users/felipe/src/fpga/new-juice/src/jt51/hdl/jt51_lfo.v":21)
Extracting RAM for identifier 'lfo_lut'("/Users/felipe/src/fpga/new-juice/src/jt51/hdl/jt51_lfo.v":49)
Compiling module 'jt51_pg'("/Users/felipe/src/fpga/new-juice/src/jt51/hdl/jt51_pg.v":22)
Compiling module 'jt51_phinc_rom'("/Users/felipe/src/fpga/new-juice/src/jt51/hdl/jt51_phinc_rom.v":22)
Compiling module 'jt51_pm'("/Users/felipe/src/fpga/new-juice/src/jt51/hdl/jt51_pm.v":22)
Compiling module 'jt51_sh(width=20,stages=29)'("/Users/felipe/src/fpga/new-juice/src/jt51/hdl/jt51_sh.v":25)
WARN  (EX2428) : Cannot index into scalar type parameter/localparam 'rstval'("/Users/felipe/src/fpga/new-juice/src/jt51/hdl/jt51_sh.v":41)
Compiling module 'jt51_sh(width=1,stages=4)'("/Users/felipe/src/fpga/new-juice/src/jt51/hdl/jt51_sh.v":25)
WARN  (EX2428) : Cannot index into scalar type parameter/localparam 'rstval'("/Users/felipe/src/fpga/new-juice/src/jt51/hdl/jt51_sh.v":41)
Compiling module 'jt51_eg'("/Users/felipe/src/fpga/new-juice/src/jt51/hdl/jt51_eg.v":22)
Compiling module 'jt51_sh(width=10,stages=3)'("/Users/felipe/src/fpga/new-juice/src/jt51/hdl/jt51_sh.v":25)
WARN  (EX2428) : Cannot index into scalar type parameter/localparam 'rstval'("/Users/felipe/src/fpga/new-juice/src/jt51/hdl/jt51_sh.v":41)
Compiling module 'jt51_sh(width=10,stages=27,rstval=1'b1)'("/Users/felipe/src/fpga/new-juice/src/jt51/hdl/jt51_sh.v":25)
WARN  (EX2428) : Cannot index into scalar type parameter/localparam 'rstval'("/Users/felipe/src/fpga/new-juice/src/jt51/hdl/jt51_sh.v":41)
Compiling module 'jt51_sh(width=10,stages=4,rstval=1'b1)'("/Users/felipe/src/fpga/new-juice/src/jt51/hdl/jt51_sh.v":25)
WARN  (EX2428) : Cannot index into scalar type parameter/localparam 'rstval'("/Users/felipe/src/fpga/new-juice/src/jt51/hdl/jt51_sh.v":41)
Compiling module 'jt51_sh(width=1)'("/Users/felipe/src/fpga/new-juice/src/jt51/hdl/jt51_sh.v":25)
WARN  (EX2428) : Cannot index into scalar type parameter/localparam 'rstval'("/Users/felipe/src/fpga/new-juice/src/jt51/hdl/jt51_sh.v":41)
Compiling module 'jt51_sh(width=2,stages=31,rstval=1'b1)'("/Users/felipe/src/fpga/new-juice/src/jt51/hdl/jt51_sh.v":25)
WARN  (EX2428) : Cannot index into scalar type parameter/localparam 'rstval'("/Users/felipe/src/fpga/new-juice/src/jt51/hdl/jt51_sh.v":41)
Compiling module 'jt51_op'("/Users/felipe/src/fpga/new-juice/src/jt51/hdl/jt51_op.v":24)
Compiling module 'jt51_sh(width=14,stages=8)'("/Users/felipe/src/fpga/new-juice/src/jt51/hdl/jt51_sh.v":25)
WARN  (EX2428) : Cannot index into scalar type parameter/localparam 'rstval'("/Users/felipe/src/fpga/new-juice/src/jt51/hdl/jt51_sh.v":41)
Compiling module 'jt51_sh(width=10,stages=8)'("/Users/felipe/src/fpga/new-juice/src/jt51/hdl/jt51_sh.v":25)
WARN  (EX2428) : Cannot index into scalar type parameter/localparam 'rstval'("/Users/felipe/src/fpga/new-juice/src/jt51/hdl/jt51_sh.v":41)
Compiling module 'jt51_phrom'("/Users/felipe/src/fpga/new-juice/src/jt51/hdl/jt51_phrom.v":27)
Extracting RAM for identifier 'sinetable'("/Users/felipe/src/fpga/new-juice/src/jt51/hdl/jt51_phrom.v":35)
Compiling module 'jt51_exprom'("/Users/felipe/src/fpga/new-juice/src/jt51/hdl/jt51_exprom.v":28)
Extracting RAM for identifier 'explut'("/Users/felipe/src/fpga/new-juice/src/jt51/hdl/jt51_exprom.v":36)
Compiling module 'jt51_sh(width=14,stages=4)'("/Users/felipe/src/fpga/new-juice/src/jt51/hdl/jt51_sh.v":25)
WARN  (EX2428) : Cannot index into scalar type parameter/localparam 'rstval'("/Users/felipe/src/fpga/new-juice/src/jt51/hdl/jt51_sh.v":41)
Compiling module 'jt51_sh(width=1,stages=3)'("/Users/felipe/src/fpga/new-juice/src/jt51/hdl/jt51_sh.v":25)
WARN  (EX2428) : Cannot index into scalar type parameter/localparam 'rstval'("/Users/felipe/src/fpga/new-juice/src/jt51/hdl/jt51_sh.v":41)
Compiling module 'jt51_noise'("/Users/felipe/src/fpga/new-juice/src/jt51/hdl/jt51_noise.v":40)
Compiling module 'jt51_acc'("/Users/felipe/src/fpga/new-juice/src/jt51/hdl/jt51_acc.v":22)
Compiling module 'jt51_sh(width=16,stages=8)'("/Users/felipe/src/fpga/new-juice/src/jt51/hdl/jt51_sh.v":25)
WARN  (EX2428) : Cannot index into scalar type parameter/localparam 'rstval'("/Users/felipe/src/fpga/new-juice/src/jt51/hdl/jt51_sh.v":41)
Compiling module 'jt51_exp2lin'("/Users/felipe/src/fpga/new-juice/src/jt51/hdl/jt51_exp2lin.v":22)
Compiling module 'jt51_lin2exp'("/Users/felipe/src/fpga/new-juice/src/jt51/hdl/jt51_lin2exp.v":22)
Compiling module 'jt51_mmr'("/Users/felipe/src/fpga/new-juice/src/jt51/hdl/jt51_mmr.v":22)
Compiling module 'jt51_reg'("/Users/felipe/src/fpga/new-juice/src/jt51/hdl/jt51_reg.v":22)
Compiling module 'jt51_kon'("/Users/felipe/src/fpga/new-juice/src/jt51/hdl/jt51_kon.v":25)
Compiling module 'jt51_mod'("/Users/felipe/src/fpga/new-juice/src/jt51/hdl/jt51_mod.v":25)
Compiling module 'jt51_csr_op'("/Users/felipe/src/fpga/new-juice/src/jt51/hdl/jt51_csr_op.v":21)
Compiling module 'jt51_sh(width=31)'("/Users/felipe/src/fpga/new-juice/src/jt51/hdl/jt51_sh.v":25)
WARN  (EX2428) : Cannot index into scalar type parameter/localparam 'rstval'("/Users/felipe/src/fpga/new-juice/src/jt51/hdl/jt51_sh.v":41)
Compiling module 'jt51_sh(width=11,rstval=1'b1)'("/Users/felipe/src/fpga/new-juice/src/jt51/hdl/jt51_sh.v":25)
WARN  (EX2428) : Cannot index into scalar type parameter/localparam 'rstval'("/Users/felipe/src/fpga/new-juice/src/jt51/hdl/jt51_sh.v":41)
Compiling module 'jt51_reg_ch'("/Users/felipe/src/fpga/new-juice/src/jt51/hdl/jt51_reg_ch.v":27)
Compiling module 'jt89'("/Users/felipe/src/fpga/new-juice/src/SMS/jt89/jt89.v":33)
Compiling module 'jt89_mixer'("/Users/felipe/src/fpga/new-juice/src/SMS/jt89/jt89_mixer.v":22)
Compiling module 'jt89_tone'("/Users/felipe/src/fpga/new-juice/src/SMS/jt89/jt89_tone.v":25)
Compiling module 'jt89_vol'("/Users/felipe/src/fpga/new-juice/src/SMS/jt89/jt89_vol.v":25)
Compiling module 'jt89_noise'("/Users/felipe/src/fpga/new-juice/src/SMS/jt89/jt89_noise.v":25)
Switching to VHDL mode to elaborate design unit 'vdp'("/Users/felipe/src/fpga/new-juice/src/top.v":1085)
Processing 'vdp(Behavioral)'("/Users/felipe/src/fpga/new-juice/src/SMS/vdp.vhd":6)
Processing 'vdp_main(Behavioral)'("/Users/felipe/src/fpga/new-juice/src/SMS/vdp_main.vhd":6)
Processing 'vdp_background(rtl)'("/Users/felipe/src/fpga/new-juice/src/SMS/vdp_background.vhd":6)
Processing 'vdp_sprites(Behavioral)'("/Users/felipe/src/fpga/new-juice/src/SMS/vdp_sprites.vhd":6)
Processing 'vpd_sprite_shifter(Behavioral)'("/Users/felipe/src/fpga/new-juice/src/SMS/vdp_sprite_shifter.vhd":6)
WARN  (EX4800) : Range is empty (null range)("/Users/felipe/src/fpga/new-juice/src/SMS/vdp_sprites.vhd":286)
Switching to Verilog mode to elaborate module 'dpram'("/Users/felipe/src/fpga/new-juice/src/SMS/vdp.vhd":181)
Compiling module 'dpram(widthad_a=14)'("/Users/felipe/src/fpga/new-juice/src/dpram.v":1)
Extracting RAM for identifier 'mem_r'("/Users/felipe/src/fpga/new-juice/src/dpram.v":23)
Returning to VHDL mode to continue with elaboration("/Users/felipe/src/fpga/new-juice/src/SMS/vdp.vhd":181)
Processing 'vdp_cram(Behavioral)'("/Users/felipe/src/fpga/new-juice/src/SMS/vdp_cram.vhd":5)
Extracting RAM for identifier 'ram'("/Users/felipe/src/fpga/new-juice/src/SMS/vdp_cram.vhd":19)
Returning to Verilog mode to proceed with elaboration("/Users/felipe/src/fpga/new-juice/src/top.v":1085)
Switching to VHDL mode to elaborate design unit 'video'("/Users/felipe/src/fpga/new-juice/src/top.v":1107)
Processing 'video(Behavioral)'("/Users/felipe/src/fpga/new-juice/src/SMS/video.vhd":6)
Returning to Verilog mode to proceed with elaboration("/Users/felipe/src/fpga/new-juice/src/top.v":1107)
Compiling module 'sound_scope'("/Users/felipe/src/fpga/new-juice/src/sound_scope.v":1)
Compiling module 'dpram(widthad_a=16,width_a=6)'("/Users/felipe/src/fpga/new-juice/src/dpram.v":1)
Extracting RAM for identifier 'mem_r'("/Users/felipe/src/fpga/new-juice/src/dpram.v":23)
Compiling module 'debug_trace_terminal'("/Users/felipe/src/fpga/new-juice/src/debug_trace_terminal.v":1)
Compiling module 'dpram(widthad_a=10,width_a=6)'("/Users/felipe/src/fpga/new-juice/src/dpram.v":1)
Extracting RAM for identifier 'mem_r'("/Users/felipe/src/fpga/new-juice/src/dpram.v":23)
Compiling module 'hdmi(VIDEO_ID_CODE=2,VIDEO_REFRESH_RATE=60.0,VENDOR_NAME=64'b0101010101101110011010110110111001101111011101110110111000000000,PRODUCT_DESCRIPTION=128'b01000110011100100110000101101110011010110111100100100000010100110100110101010011000000000000000000000000000000000000000000000000)'("/Users/felipe/src/fpga/new-juice/src/hdmi/hdmi.sv":4)
Compiling module 'packet_picker(VIDEO_ID_CODE=2,VIDEO_RATE=27027000.0,IT_CONTENT=1'b1,AUDIO_BIT_WIDTH=16,AUDIO_RATE=44100,VENDOR_NAME=64'b0101010101101110011010110110111001101111011101110110111000000000,PRODUCT_DESCRIPTION=128'b01000110011100100110000101101110011010110111100100100000010100110100110101010011000000000000000000000000000000000000000000000000,SOURCE_DEVICE_INFORMATION=8'b00000000)'("/Users/felipe/src/fpga/new-juice/src/hdmi/packet_picker.sv":4)
Extracting RAM for identifier 'audio_sample_word_buffer'("/Users/felipe/src/fpga/new-juice/src/hdmi/packet_picker.sv":108)
Compiling module 'audio_clock_regeneration_packet(VIDEO_RATE=27027000.0,AUDIO_RATE=44100)'("/Users/felipe/src/fpga/new-juice/src/hdmi/audio_clock_regeneration_packet.sv":5)
Compiling module 'audio_sample_packet(WORD_LENGTH=4'b0010)'("/Users/felipe/src/fpga/new-juice/src/hdmi/audio_sample_packet.sv":8)
WARN  (EX3780) : Using initial value of 'CHANNEL_LEFT' since it is never assigned("/Users/felipe/src/fpga/new-juice/src/hdmi/audio_sample_packet.sv":63)
WARN  (EX3780) : Using initial value of 'CHANNEL_RIGHT' since it is never assigned("/Users/felipe/src/fpga/new-juice/src/hdmi/audio_sample_packet.sv":64)
Compiling module 'auxiliary_video_information_info_frame(IT_CONTENT=1'b1,VIDEO_ID_CODE=32'sb00000000000000000000000000000010)'("/Users/felipe/src/fpga/new-juice/src/hdmi/auxiliary_video_information_info_frame.sv":5)
Compiling module 'source_product_description_info_frame(VENDOR_NAME=64'b0101010101101110011010110110111001101111011101110110111000000000,PRODUCT_DESCRIPTION=128'b01000110011100100110000101101110011010110111100100100000010100110100110101010011000000000000000000000000000000000000000000000000,SOURCE_DEVICE_INFORMATION=8'b00000000)'("/Users/felipe/src/fpga/new-juice/src/hdmi/source_product_description_info_frame.sv":5)
Compiling module 'audio_info_frame'("/Users/felipe/src/fpga/new-juice/src/hdmi/audio_info_frame.sv":5)
Compiling module 'packet_assembler'("/Users/felipe/src/fpga/new-juice/src/hdmi/packet_assembler.sv":4)
Compiling module 'tmds_channel'("/Users/felipe/src/fpga/new-juice/src/hdmi/tmds_channel.sv":4)
Compiling module 'tmds_channel(CN=1)'("/Users/felipe/src/fpga/new-juice/src/hdmi/tmds_channel.sv":4)
Compiling module 'tmds_channel(CN=2)'("/Users/felipe/src/fpga/new-juice/src/hdmi/tmds_channel.sv":4)
Compiling module 'serializer(VIDEO_RATE=0)'("/Users/felipe/src/fpga/new-juice/src/hdmi/serializer.sv":3)
Compiling module 'input_debouncer(WIDTH=3)'("/Users/felipe/src/fpga/new-juice/src/input_debouncer.v":1)
Compiling module 'input_debouncer(WIDTH=8)'("/Users/felipe/src/fpga/new-juice/src/input_debouncer.v":1)
Compiling module 'mp_debouncer'("/Users/felipe/src/fpga/new-juice/src/mp_debouncer.v":1)
Compiling module 'cpu_step_debugger'("/Users/felipe/src/fpga/new-juice/src/cpu_step_debugger.v":1)
Compiling module 'slot_expander'("/Users/felipe/src/fpga/new-juice/src/slot_expander.v":1)
Compiling module 'sdram_startup_test'("/Users/felipe/src/fpga/new-juice/src/sdram_startup_test.v":1)
Compiling module 'sdram_mapper'("/Users/felipe/src/fpga/new-juice/src/sdram_mapper.v":1)
Compiling module 'super_megaram(INCLUDE_SCC=1'b1,DEBUGGER_ENABLED=1'b1)'("/Users/felipe/src/fpga/new-juice/src/super_megaram.v":1)
Compiling module 'IKASCC(IMPL_TYPE=1)'("/Users/felipe/src/fpga/new-juice/src/IKASCC/IKASCC.v":1)
Compiling module 'IKASCC_vrc_s(RAMCTRL_ASYNC=1)'("/Users/felipe/src/fpga/new-juice/src/IKASCC/IKASCC_modules/IKASCC_vrc_s.v":1)
Compiling module 'IKASCC_player_s(RAMCTRL_ASYNC=1)'("/Users/felipe/src/fpga/new-juice/src/IKASCC/IKASCC_modules/IKASCC_player_s.v":1)
Compiling module 'IKASCC_player_memory_s'("/Users/felipe/src/fpga/new-juice/src/IKASCC/IKASCC_modules/IKASCC_player_s.v":670)
Extracting RAM for identifier 'wavetable_ram'("/Users/felipe/src/fpga/new-juice/src/IKASCC/IKASCC_modules/IKASCC_player_s.v":694)
Compiling module 'IKASCC_player_control_s(RAMCTRL_ASYNC=1,ADDR_FREQ_BASE=8'h80,ADDR_VOL=8'h8A,ADDR_MUTE=8'h8F)'("/Users/felipe/src/fpga/new-juice/src/IKASCC/IKASCC_modules/IKASCC_player_s.v":372)
Compiling module 'IKASCC_primitive_dncntr'("/Users/felipe/src/fpga/new-juice/src/IKASCC/IKASCC_modules/IKASCC_primitives.v":1)
Compiling module 'IKASCC_primitive_dncntr(W=5)'("/Users/felipe/src/fpga/new-juice/src/IKASCC/IKASCC_modules/IKASCC_primitives.v":1)
Compiling module 'IKASCC_player_control_s(RAMCTRL_ASYNC=1,ADDR_RAM_BASE=8'h20,ADDR_FREQ_BASE=8'h82,ADDR_VOL=8'h8B,ADDR_MUTE=8'h8F,BIT_MUTE=1)'("/Users/felipe/src/fpga/new-juice/src/IKASCC/IKASCC_modules/IKASCC_player_s.v":372)
Compiling module 'IKASCC_player_control_s(RAMCTRL_ASYNC=1,ADDR_RAM_BASE=8'h40,ADDR_FREQ_BASE=8'h84,ADDR_VOL=8'h8C,ADDR_MUTE=8'h8F,BIT_MUTE=2)'("/Users/felipe/src/fpga/new-juice/src/IKASCC/IKASCC_modules/IKASCC_player_s.v":372)
Compiling module 'IKASCC_player_control_s(RAMCTRL_ASYNC=1,ADDR_RAM_BASE=8'h60,ADDR_FREQ_BASE=8'h86,ADDR_VOL=8'h8D,ADDR_MUTE=8'h8F,BIT_MUTE=3)'("/Users/felipe/src/fpga/new-juice/src/IKASCC/IKASCC_modules/IKASCC_player_s.v":372)
Compiling module 'IKASCC_player_control_s(RAMCTRL_ASYNC=1,ADDR_RAM_BASE=8'h60,ADDR_FREQ_BASE=8'h88,ADDR_VOL=8'h8E,ADDR_MUTE=8'h8F,BIT_MUTE=4)'("/Users/felipe/src/fpga/new-juice/src/IKASCC/IKASCC_modules/IKASCC_player_s.v":372)
Compiling module 'linear_rom'("/Users/felipe/src/fpga/new-juice/src/linear_rom.v":1)
Compiling module 'sd_registers'("/Users/felipe/src/fpga/new-juice/src/sd_registers.v":1)
Compiling module 'dpram(widthad_a=9)'("/Users/felipe/src/fpga/new-juice/src/dpram.v":1)
Extracting RAM for identifier 'mem_r'("/Users/felipe/src/fpga/new-juice/src/dpram.v":23)
Compiling module 'sd_reader'("/Users/felipe/src/fpga/new-juice/src/sd_reader.sv":11)
WARN  (EX3791) : Expression size 5 truncated to fit in target size 4("/Users/felipe/src/fpga/new-juice/src/sd_reader.sv":125)
Compiling module 'sdcmd_ctrl'("/Users/felipe/src/fpga/new-juice/src/sdcmd_ctrl.sv":10)
WARN  (EX3771) : Module instantiation should have an instance name("/Users/felipe/src/fpga/new-juice/src/sd_reader.sv":304)
Compiling module 'sd_crc_16'("/Users/felipe/src/fpga/new-juice/src/crc16.v":5)
Compiling module 'flash_roms'("/Users/felipe/src/fpga/new-juice/src/flash_roms.v":1)
Compiling module 'spi_flash_reader'("/Users/felipe/src/fpga/new-juice/src/spi_flash_reader.v":1)
Compiling module 'cd_demux'("/Users/felipe/src/fpga/new-juice/src/cd_demux.v":1)
Compiling module 'sdram_command_adapter'("/Users/felipe/src/fpga/new-juice/src/sdram_command_adapter.v":1)
Compiling module 'sdram'("/Users/felipe/src/fpga/new-juice/src/sdram.v":27)
WARN  (EX3791) : Expression size 16 truncated to fit in target size 15("/Users/felipe/src/fpga/new-juice/src/sdram.v":285)
NOTE  (EX0101) : Current top module is "top"
[5%] Running netlist conversion ...
Running device independent optimization ...
WARN  (DI0002) : Asynchronous register "mask_column0" initial values do not match with the Gowin library, simulation mismatch possible("/Users/felipe/src/fpga/new-juice/src/SMS/vdp.vhd":340)
WARN  (DI0002) : Asynchronous register "spr_address[0]" initial values do not match with the Gowin library, simulation mismatch possible("/Users/felipe/src/fpga/new-juice/src/SMS/vdp.vhd":340)
WARN  (DI0002) : Asynchronous register "spr_address[1]" initial values do not match with the Gowin library, simulation mismatch possible("/Users/felipe/src/fpga/new-juice/src/SMS/vdp.vhd":340)
WARN  (DI0002) : Asynchronous register "spr_address[2]" initial values do not match with the Gowin library, simulation mismatch possible("/Users/felipe/src/fpga/new-juice/src/SMS/vdp.vhd":340)
WARN  (DI0002) : Asynchronous register "spr_address[3]" initial values do not match with the Gowin library, simulation mismatch possible("/Users/felipe/src/fpga/new-juice/src/SMS/vdp.vhd":340)
WARN  (DI0002) : Asynchronous register "spr_address[4]" initial values do not match with the Gowin library, simulation mismatch possible("/Users/felipe/src/fpga/new-juice/src/SMS/vdp.vhd":340)
WARN  (DI0002) : Asynchronous register "spr_address[5]" initial values do not match with the Gowin library, simulation mismatch possible("/Users/felipe/src/fpga/new-juice/src/SMS/vdp.vhd":340)
WARN  (DI0002) : Asynchronous register "spr_address[6]" initial values do not match with the Gowin library, simulation mismatch possible("/Users/felipe/src/fpga/new-juice/src/SMS/vdp.vhd":340)
WARN  (DI0002) : Asynchronous register "bg_address[1]" initial values do not match with the Gowin library, simulation mismatch possible("/Users/felipe/src/fpga/new-juice/src/SMS/vdp.vhd":340)
WARN  (DI0002) : Asynchronous register "bg_address[2]" initial values do not match with the Gowin library, simulation mismatch possible("/Users/felipe/src/fpga/new-juice/src/SMS/vdp.vhd":340)
WARN  (DI0002) : Asynchronous register "bg_address[3]" initial values do not match with the Gowin library, simulation mismatch possible("/Users/felipe/src/fpga/new-juice/src/SMS/vdp.vhd":340)
WARN  (DI0002) : Asynchronous register "display_on" initial values do not match with the Gowin library, simulation mismatch possible("/Users/felipe/src/fpga/new-juice/src/SMS/vdp.vhd":340)
WARN  (DI0002) : Asynchronous register "irq_line_en" initial values do not match with the Gowin library, simulation mismatch possible("/Users/felipe/src/fpga/new-juice/src/SMS/vdp.vhd":340)
[10%] Optimizing Phase 0 completed
[15%] Optimizing Phase 1 completed
[25%] Optimizing Phase 2 completed
Running inference ...
[30%] Inferring Phase 0 completed
[40%] Inferring Phase 1 completed
[50%] Inferring Phase 2 completed
[55%] Inferring Phase 3 completed
Running technical mapping ...
[60%] Tech-Mapping Phase 0 completed
[65%] Tech-Mapping Phase 1 completed
[75%] Tech-Mapping Phase 2 completed
[80%] Tech-Mapping Phase 3 completed
[90%] Tech-Mapping Phase 4 completed
WARN  (NL0002) : The module "audio_info_frame" instantiated to "audio_info_frame" is swept in optimizing("/Users/felipe/src/fpga/new-juice/src/hdmi/packet_picker.sv":171)
WARN  (NL0002) : The module "audio_sample_packet" instantiated to "audio_sample_packet" is swept in optimizing("/Users/felipe/src/fpga/new-juice/src/hdmi/packet_picker.sv":159)
WARN  (NL0002) : The module "auxiliary_video_information_info_frame" instantiated to "auxiliary_video_information_info_frame" is swept in optimizing("/Users/felipe/src/fpga/new-juice/src/hdmi/packet_picker.sv":165)
WARN  (NL0002) : The module "source_product_description_info_frame" instantiated to "source_product_description_info_frame" is swept in optimizing("/Users/felipe/src/fpga/new-juice/src/hdmi/packet_picker.sv":168)
WARN  (NL0002) : The module "jt51_lin2exp" instantiated to "left2exp" is swept in optimizing("/Users/felipe/src/fpga/new-juice/src/jt51/hdl/jt51_acc.v":153)
WARN  (NL0002) : The module "jt51_lin2exp" instantiated to "right2exp" is swept in optimizing("/Users/felipe/src/fpga/new-juice/src/jt51/hdl/jt51_acc.v":159)
WARN  (NL0002) : The module "jt51_sh" instantiated to "u_konsh" is swept in optimizing("/Users/felipe/src/fpga/new-juice/src/jt51/hdl/jt51_eg.v":370)
WARN  (NL0002) : The module "jt51_sh" instantiated to "u_konch" is swept in optimizing("/Users/felipe/src/fpga/new-juice/src/jt51/hdl/jt51_kon.v":66)
WARN  (NL0002) : The module "jt51_mod" instantiated to "u_mod" is swept in optimizing("/Users/felipe/src/fpga/new-juice/src/jt51/hdl/jt51_reg.v":196)
WARN  (NL0002) : The module "jt51_sh" instantiated to "prev1_buffer" is swept in optimizing("/Users/felipe/src/fpga/new-juice/src/jt51/hdl/jt51_op.v":69)
WARN  (NL0002) : The module "jt51_sh" instantiated to "prev2_buffer" is swept in optimizing("/Users/felipe/src/fpga/new-juice/src/jt51/hdl/jt51_op.v":85)
WARN  (NL0002) : The module "jt51_sh" instantiated to "prevprev1_buffer" is swept in optimizing("/Users/felipe/src/fpga/new-juice/src/jt51/hdl/jt51_op.v":77)
WARN  (NL0002) : The module "jt51_phinc_rom" instantiated to "u_phinctable" is swept in optimizing("/Users/felipe/src/fpga/new-juice/src/jt51/hdl/jt51_pg.v":77)
[95%] Generate netlist file "/Users/felipe/src/fpga/new-juice/impl/gwsynthesis/new-juice.vg" completed
[100%] Generate report file "/Users/felipe/src/fpga/new-juice/impl/gwsynthesis/new-juice_syn.rpt.html" completed
GowinSynthesis finish
